12:20:01 **** Incremental Build of configuration Debug for project Light-sensor-Control ****
make -j16 all 
arm-none-eabi-size  Light-sensor-Control.elf 
   text	   data	    bss	    dec	    hex	filename
  50276	    508	   2444	  53228	   cfec	Light-sensor-Control.elf
Finished building: default.size.stdout
 
12:20:04 **** Incremental Build of configuration Debug for project Light-sensor-Control ****
make -j16 all 
arm-none-eabi-size  Light-sensor-Control.elf 
   text	   data	    bss	    dec	    hex	filename
  50276	    508	   2444	  53228	   cfec	Light-sensor-Control.elf
Finished building: default.size.stdout
 
12:21:45 **** Incremental Build of configuration Debug for project Light-sensor-Control ****
make -j16 all 
arm-none-eabi-size  Light-sensor-Control.elf 
   text	   data	    bss	    dec	    hex	filename
  50276	    508	   2444	  53228	   cfec	Light-sensor-Control.elf
Finished building: default.size.stdout
 
12:21:48 **** Incremental Build of configuration Debug for project Light-sensor-Control ****
make -j16 all 
arm-none-eabi-size  Light-sensor-Control.elf 
   text	   data	    bss	    dec	    hex	filename
  50276	    508	   2444	  53228	   cfec	Light-sensor-Control.elf
Finished building: default.size.stdout
 
12:27:51 **** Incremental Build of configuration Debug for project Light-sensor-Control ****
make -j16 all 
arm-none-eabi-size  Light-sensor-Control.elf 
   text	   data	    bss	    dec	    hex	filename
  50276	    508	   2444	  53228	   cfec	Light-sensor-Control.elf
Finished building: default.size.stdout
 
12:28:25 **** Incremental Build of configuration Debug for project Light-sensor-Control ****
make -j16 all 
arm-none-eabi-size  Light-sensor-Control.elf 
   text	   data	    bss	    dec	    hex	filename
  50276	    508	   2444	  53228	   cfec	Light-sensor-Control.elf
Finished building: default.size.stdout
 
12:29:02 **** Incremental Build of configuration Debug for project Light-sensor-Control ****
make -j16 all 
arm-none-eabi-size  Light-sensor-Control.elf 
   text	   data	    bss	    dec	    hex	filename
  50276	    508	   2444	  53228	   cfec	Light-sensor-Control.elf
Finished building: default.size.stdout
 
13:38:32 **** Incremental Build of configuration Debug for project Light-sensor-Control ****
make -j16 all 
arm-none-eabi-gcc "../Core/Src/main.c" -mcpu=cortex-m7 -std=gnu11 -g3 -DDEBUG -DUSE_HAL_DRIVER -DSTM32F746xx -c -I../Core/Inc -I../Drivers/STM32F7xx_HAL_Driver/Inc -I../Drivers/STM32F7xx_HAL_Driver/Inc/Legacy -I../Drivers/CMSIS/Device/ST/STM32F7xx/Include -I../Drivers/CMSIS/Include -I"C:/Users/Abdelrahman Salama/OneDrive/Documents/Microprocessors_final_task/Final-Project-microprocessor/Light-sensor-Control/Components/Inc" -O0 -ffunction-sections -fdata-sections -Wall -fstack-usage -fcyclomatic-complexity -MMD -MP -MF"Core/Src/main.d" -MT"Core/Src/main.o" --specs=nano.specs -mfpu=fpv5-sp-d16 -mfloat-abi=hard -mthumb -o "Core/Src/main.o"
arm-none-eabi-gcc -o "Light-sensor-Control.elf" @"objects.list"   -mcpu=cortex-m7 -T"C:\Users\Abdelrahman Salama\OneDrive\Documents\Microprocessors_final_task\Final-Project-microprocessor\Light-sensor-Control\STM32F746ZGTX_FLASH.ld" --specs=nosys.specs -Wl,-Map="Light-sensor-Control.map" -Wl,--gc-sections -static --specs=nano.specs -mfpu=fpv5-sp-d16 -mfloat-abi=hard -mthumb -u _printf_float -u _scanf_float -Wl,--start-group -lc -lm -Wl,--end-group
C:/ST/STM32CubeIDE_1.18.1/STM32CubeIDE/plugins/com.st.stm32cube.ide.mcu.externaltools.gnu-tools-for-stm32.13.3.rel1.win32_1.0.100.202509120712/tools/bin/../lib/gcc/arm-none-eabi/13.3.1/../../../../arm-none-eabi/bin/ld.exe: warning: Light-sensor-Control.elf has a LOAD segment with RWX permissions
Finished building target: Light-sensor-Control.elf
 
arm-none-eabi-size  Light-sensor-Control.elf 
arm-none-eabi-objdump -h -S Light-sensor-Control.elf  > "Light-sensor-Control.list"
   text	   data	    bss	    dec	    hex	filename
  50284	    508	   2444	  53236	   cff4	Light-sensor-Control.elf
Finished building: default.size.stdout
 
Finished building: Light-sensor-Control.list
 
13:46:21 **** Incremental Build of configuration Debug for project Light-sensor-Control ****
make -j16 all 
arm-none-eabi-gcc "../Core/Src/main.c" -mcpu=cortex-m7 -std=gnu11 -g3 -DDEBUG -DUSE_HAL_DRIVER -DSTM32F746xx -c -I../Core/Inc -I../Drivers/STM32F7xx_HAL_Driver/Inc -I../Drivers/STM32F7xx_HAL_Driver/Inc/Legacy -I../Drivers/CMSIS/Device/ST/STM32F7xx/Include -I../Drivers/CMSIS/Include -I"C:/Users/Abdelrahman Salama/OneDrive/Documents/Microprocessors_final_task/Final-Project-microprocessor/Light-sensor-Control/Components/Inc" -O0 -ffunction-sections -fdata-sections -Wall -fstack-usage -fcyclomatic-complexity -MMD -MP -MF"Core/Src/main.d" -MT"Core/Src/main.o" --specs=nano.specs -mfpu=fpv5-sp-d16 -mfloat-abi=hard -mthumb -o "Core/Src/main.o"
arm-none-eabi-gcc -o "Light-sensor-Control.elf" @"objects.list"   -mcpu=cortex-m7 -T"C:\Users\Abdelrahman Salama\OneDrive\Documents\Microprocessors_final_task\Final-Project-microprocessor\Light-sensor-Control\STM32F746ZGTX_FLASH.ld" --specs=nosys.specs -Wl,-Map="Light-sensor-Control.map" -Wl,--gc-sections -static --specs=nano.specs -mfpu=fpv5-sp-d16 -mfloat-abi=hard -mthumb -u _printf_float -u _scanf_float -Wl,--start-group -lc -lm -Wl,--end-group
C:/ST/STM32CubeIDE_1.18.1/STM32CubeIDE/plugins/com.st.stm32cube.ide.mcu.externaltools.gnu-tools-for-stm32.13.3.rel1.win32_1.0.100.202509120712/tools/bin/../lib/gcc/arm-none-eabi/13.3.1/../../../../arm-none-eabi/bin/ld.exe: warning: Light-sensor-Control.elf has a LOAD segment with RWX permissions
Finished building target: Light-sensor-Control.elf
 
arm-none-eabi-size  Light-sensor-Control.elf 
arm-none-eabi-objdump -h -S Light-sensor-Control.elf  > "Light-sensor-Control.list"
   text	   data	    bss	    dec	    hex	filename
  50324	    508	   2444	  53276	   d01c	Light-sensor-Control.elf
Finished building: default.size.stdout
 
Finished building: Light-sensor-Control.list
 
13:53:08 **** Incremental Build of configuration Debug for project Light-sensor-Control ****
make -j16 all 
arm-none-eabi-gcc "../Core/Src/main.c" -mcpu=cortex-m7 -std=gnu11 -g3 -DDEBUG -DUSE_HAL_DRIVER -DSTM32F746xx -c -I../Core/Inc -I../Drivers/STM32F7xx_HAL_Driver/Inc -I../Drivers/STM32F7xx_HAL_Driver/Inc/Legacy -I../Drivers/CMSIS/Device/ST/STM32F7xx/Include -I../Drivers/CMSIS/Include -I"C:/Users/Abdelrahman Salama/OneDrive/Documents/Microprocessors_final_task/Final-Project-microprocessor/Light-sensor-Control/Components/Inc" -O0 -ffunction-sections -fdata-sections -Wall -fstack-usage -fcyclomatic-complexity -MMD -MP -MF"Core/Src/main.d" -MT"Core/Src/main.o" --specs=nano.specs -mfpu=fpv5-sp-d16 -mfloat-abi=hard -mthumb -o "Core/Src/main.o"
arm-none-eabi-gcc -o "Light-sensor-Control.elf" @"objects.list"   -mcpu=cortex-m7 -T"C:\Users\Abdelrahman Salama\OneDrive\Documents\Microprocessors_final_task\Final-Project-microprocessor\Light-sensor-Control\STM32F746ZGTX_FLASH.ld" --specs=nosys.specs -Wl,-Map="Light-sensor-Control.map" -Wl,--gc-sections -static --specs=nano.specs -mfpu=fpv5-sp-d16 -mfloat-abi=hard -mthumb -u _printf_float -u _scanf_float -Wl,--start-group -lc -lm -Wl,--end-group
C:/ST/STM32CubeIDE_1.18.1/STM32CubeIDE/plugins/com.st.stm32cube.ide.mcu.externaltools.gnu-tools-for-stm32.13.3.rel1.win32_1.0.100.202509120712/tools/bin/../lib/gcc/arm-none-eabi/13.3.1/../../../../arm-none-eabi/bin/ld.exe: warning: Light-sensor-Control.elf has a LOAD segment with RWX permissions
Finished building target: Light-sensor-Control.elf
 
arm-none-eabi-size  Light-sensor-Control.elf 
arm-none-eabi-objdump -h -S Light-sensor-Control.elf  > "Light-sensor-Control.list"
   text	   data	    bss	    dec	    hex	filename
  50396	    508	   2444	  53348	   d064	Light-sensor-Control.elf
Finished building: default.size.stdout
 
Finished building: Light-sensor-Control.list
 
13:55:28 **** Incremental Build of configuration Debug for project Light-sensor-Control ****
make -j16 all 
arm-none-eabi-size  Light-sensor-Control.elf 
   text	   data	    bss	    dec	    hex	filename
  50396	    508	   2444	  53348	   d064	Light-sensor-Control.elf
Finished building: default.size.stdout
 
14:05:26 **** Incremental Build of configuration Debug for project Light-sensor-Control ****
make -j16 all 
arm-none-eabi-gcc "../Core/Src/main.c" -mcpu=cortex-m7 -std=gnu11 -g3 -DDEBUG -DUSE_HAL_DRIVER -DSTM32F746xx -c -I../Core/Inc -I../Drivers/STM32F7xx_HAL_Driver/Inc -I../Drivers/STM32F7xx_HAL_Driver/Inc/Legacy -I../Drivers/CMSIS/Device/ST/STM32F7xx/Include -I../Drivers/CMSIS/Include -I"C:/Users/Abdelrahman Salama/OneDrive/Documents/Microprocessors_final_task/Final-Project-microprocessor/Light-sensor-Control/Components/Inc" -O0 -ffunction-sections -fdata-sections -Wall -fstack-usage -fcyclomatic-complexity -MMD -MP -MF"Core/Src/main.d" -MT"Core/Src/main.o" --specs=nano.specs -mfpu=fpv5-sp-d16 -mfloat-abi=hard -mthumb -o "Core/Src/main.o"
arm-none-eabi-gcc -o "Light-sensor-Control.elf" @"objects.list"   -mcpu=cortex-m7 -T"C:\Users\Abdelrahman Salama\OneDrive\Documents\Microprocessors_final_task\Final-Project-microprocessor\Light-sensor-Control\STM32F746ZGTX_FLASH.ld" --specs=nosys.specs -Wl,-Map="Light-sensor-Control.map" -Wl,--gc-sections -static --specs=nano.specs -mfpu=fpv5-sp-d16 -mfloat-abi=hard -mthumb -u _printf_float -u _scanf_float -Wl,--start-group -lc -lm -Wl,--end-group
C:/ST/STM32CubeIDE_1.18.1/STM32CubeIDE/plugins/com.st.stm32cube.ide.mcu.externaltools.gnu-tools-for-stm32.13.3.rel1.win32_1.0.100.202509120712/tools/bin/../lib/gcc/arm-none-eabi/13.3.1/../../../../arm-none-eabi/bin/ld.exe: warning: Light-sensor-Control.elf has a LOAD segment with RWX permissions
Finished building target: Light-sensor-Control.elf
 
arm-none-eabi-size  Light-sensor-Control.elf 
arm-none-eabi-objdump -h -S Light-sensor-Control.elf  > "Light-sensor-Control.list"
   text	   data	    bss	    dec	    hex	filename
  48140	    508	   2444	  51092	   c794	Light-sensor-Control.elf
Finished building: default.size.stdout
 
Finished building: Light-sensor-Control.list
 
