../Core/Src/main.c:87:6:HAL_UART_RxCpltCallback	1
../Core/Src/main.c:136:5:main	3
../Core/Src/main.c:273:6:SystemClock_Config	4
../Core/Src/main.c:331:13:MX_I2C1_Init	4
../Core/Src/main.c:379:13:MX_TIM1_Init	3
../Core/Src/main.c:430:13:MX_TIM3_Init	4
../Core/Src/main.c:475:13:MX_TIM4_Init	5
../Core/Src/main.c:528:13:MX_TIM8_Init	3
../Core/Src/main.c:579:13:MX_USART3_UART_Init	2
../Core/Src/main.c:614:13:MX_USB_OTG_FS_PCD_Init	2
../Core/Src/main.c:649:13:MX_GPIO_Init	1
../Core/Src/main.c:736:6:HAL_TIM_PeriodElapsedCallback	2
../Core/Src/main.c:747:6:MPU_Config	1
../Core/Src/main.c:778:6:Error_Handler	1
