../Core/Src/main.c:87:6:HAL_UART_RxCpltCallback	16	static
../Core/Src/main.c:136:5:main	24	static
../Core/Src/main.c:273:6:SystemClock_Config	88	static
../Core/Src/main.c:331:13:MX_I2C1_Init	8	static
../Core/Src/main.c:379:13:MX_TIM1_Init	56	static
../Core/Src/main.c:430:13:MX_TIM3_Init	40	static
../Core/Src/main.c:475:13:MX_TIM4_Init	48	static
../Core/Src/main.c:528:13:MX_TIM8_Init	56	static
../Core/Src/main.c:579:13:MX_USART3_UART_Init	8	static
../Core/Src/main.c:614:13:MX_USB_OTG_FS_PCD_Init	8	static
../Core/Src/main.c:649:13:MX_GPIO_Init	56	static
../Core/Src/main.c:736:6:HAL_TIM_PeriodElapsedCallback	16	static
../Core/Src/main.c:747:6:MPU_Config	24	static
../Core/Src/main.c:778:6:Error_Handler	4	static,ignoring_inline_asm
