../Core/Src/main.c:106:13:UART_PrintHelp	1
../Core/Src/main.c:118:13:UART_PrintCSVHeader	1
../Core/Src/main.c:124:13:ClampTarget	3
../Core/Src/main.c:136:5:main	18
../Core/Src/main.c:292:6:SystemClock_Config	3
../Core/Src/main.c:327:13:MX_ETH_Init	2
../Core/Src/main.c:355:13:MX_I2C1_Init	4
../Core/Src/main.c:382:13:MX_TIM1_Init	7
../Core/Src/main.c:451:13:MX_USART3_UART_Init	2
../Core/Src/main.c:469:13:MX_USB_OTG_FS_PCD_Init	2
../Core/Src/main.c:487:13:MX_GPIO_Init	1
../Core/Src/main.c:525:6:Error_Handler	1
