../Core/Src/main.c:106:13:UART_PrintHelp	16	static
../Core/Src/main.c:118:13:UART_PrintCSVHeader	16	static
../Core/Src/main.c:124:13:ClampTarget	4	static
../Core/Src/main.c:136:5:main	80	static
../Core/Src/main.c:292:6:SystemClock_Config	88	static
../Core/Src/main.c:327:13:MX_ETH_Init	8	static
../Core/Src/main.c:355:13:MX_I2C1_Init	8	static
../Core/Src/main.c:382:13:MX_TIM1_Init	112	static
../Core/Src/main.c:451:13:MX_USART3_UART_Init	8	static
../Core/Src/main.c:469:13:MX_USB_OTG_FS_PCD_Init	8	static
../Core/Src/main.c:487:13:MX_GPIO_Init	56	static
../Core/Src/main.c:525:6:Error_Handler	4	static,ignoring_inline_asm
