../Core/Src/main.c:107:9:Calculate_Checksum	24	static
../Core/Src/main.c:116:6:Parse_UART_Command	200	static
../Core/Src/main.c:183:6:HAL_UART_RxCpltCallback	16	static
../Core/Src/main.c:204:5:main	32	static
../Core/Src/main.c:352:6:SystemClock_Config	88	static
../Core/Src/main.c:410:13:MX_I2C1_Init	8	static
../Core/Src/main.c:458:13:MX_TIM1_Init	56	static
../Core/Src/main.c:509:13:MX_TIM3_Init	40	static
../Core/Src/main.c:554:13:MX_TIM4_Init	48	static
../Core/Src/main.c:607:13:MX_TIM8_Init	56	static
../Core/Src/main.c:658:13:MX_USART3_UART_Init	8	static
../Core/Src/main.c:693:13:MX_USB_OTG_FS_PCD_Init	8	static
../Core/Src/main.c:728:13:MX_GPIO_Init	56	static
../Core/Src/main.c:815:6:HAL_TIM_PeriodElapsedCallback	16	static
../Core/Src/main.c:826:6:MPU_Config	24	static
../Core/Src/main.c:857:6:Error_Handler	4	static,ignoring_inline_asm
