../Core/Src/main.c:84:5:main	32	static
../Core/Src/main.c:209:6:SystemClock_Config	88	static
../Core/Src/main.c:267:13:MX_I2C1_Init	8	static
../Core/Src/main.c:315:13:MX_TIM1_Init	56	static
../Core/Src/main.c:366:13:MX_TIM4_Init	48	static
../Core/Src/main.c:415:13:MX_USART3_UART_Init	8	static
../Core/Src/main.c:450:13:MX_USB_OTG_FS_PCD_Init	8	static
../Core/Src/main.c:485:13:MX_GPIO_Init	56	static
../Core/Src/main.c:576:6:MPU_Config	24	static
../Core/Src/main.c:607:6:Error_Handler	4	static,ignoring_inline_asm
