../Core/Src/main.c:107:9:Calculate_Checksum	2
../Core/Src/main.c:116:6:Parse_UART_Command	10
../Core/Src/main.c:183:6:HAL_UART_RxCpltCallback	5
../Core/Src/main.c:204:5:main	7
../Core/Src/main.c:352:6:SystemClock_Config	4
../Core/Src/main.c:410:13:MX_I2C1_Init	4
../Core/Src/main.c:458:13:MX_TIM1_Init	3
../Core/Src/main.c:509:13:MX_TIM3_Init	4
../Core/Src/main.c:554:13:MX_TIM4_Init	5
../Core/Src/main.c:607:13:MX_TIM8_Init	3
../Core/Src/main.c:658:13:MX_USART3_UART_Init	2
../Core/Src/main.c:693:13:MX_USB_OTG_FS_PCD_Init	2
../Core/Src/main.c:728:13:MX_GPIO_Init	1
../Core/Src/main.c:815:6:HAL_TIM_PeriodElapsedCallback	2
../Core/Src/main.c:826:6:MPU_Config	1
../Core/Src/main.c:857:6:Error_Handler	1
