20:15:08 **** Incremental Build of configuration Debug for project Final-Project ****
make -j16 all 
arm-none-eabi-gcc "../Core/Src/main.c" -mcpu=cortex-m7 -std=gnu11 -g3 -DDEBUG -DUSE_HAL_DRIVER -DSTM32F746xx -c -I../Core/Inc -I../Drivers/STM32F7xx_HAL_Driver/Inc -I../Drivers/STM32F7xx_HAL_Driver/Inc/Legacy -I../Drivers/CMSIS/Device/ST/STM32F7xx/Include -I../Drivers/CMSIS/Include -O0 -ffunction-sections -fdata-sections -Wall -fstack-usage -fcyclomatic-complexity -MMD -MP -MF"Core/Src/main.d" -MT"Core/Src/main.o" --specs=nano.specs -mfpu=fpv5-sp-d16 -mfloat-abi=hard -mthumb -o "Core/Src/main.o"
arm-none-eabi-gcc -o "Final-Project.elf" @"objects.list"   -mcpu=cortex-m7 -T"C:\Users\Abdelrahman Salama\OneDrive\Documents\Microprocessors_final_task\Final-Project\STM32F746ZGTX_FLASH.ld" --specs=nosys.specs -Wl,-Map="Final-Project.map" -Wl,--gc-sections -static --specs=nano.specs -mfpu=fpv5-sp-d16 -mfloat-abi=hard -mthumb -Wl,--start-group -lc -lm -Wl,--end-group
Finished building target: Final-Project.elf
 
arm-none-eabi-size  Final-Project.elf 
arm-none-eabi-objdump -h -S Final-Project.elf  > "Final-Project.list"
   text	   data	    bss	    dec	    hex	filename
  29500	    420	   3884	  33804	   840c	Final-Project.elf
Finished building: default.size.stdout
 
Finished building: Final-Project.list
 
20:15:15 **** Incremental Build of configuration Debug for project Final-Project ****
make -j16 all 
arm-none-eabi-size  Final-Project.elf 
   text	   data	    bss	    dec	    hex	filename
  29500	    420	   3884	  33804	   840c	Final-Project.elf
Finished building: default.size.stdout
 
